Archive member included to satisfy reference by file (symbol)

c:/program files (x86)/atmel/studio/7.0/toolchain/arm/arm-gnu-toolchain/bin/../lib/gcc/arm-none-eabi/6.3.1/../../../../arm-none-eabi/lib/thumb/v7e-m\libc_nano.a(lib_a-exit.o)
                              c:/program files (x86)/atmel/studio/7.0/toolchain/arm/arm-gnu-toolchain/bin/../lib/gcc/arm-none-eabi/6.3.1/../../../../arm-none-eabi/lib/thumb/v7e-m/crt0.o (exit)
c:/program files (x86)/atmel/studio/7.0/toolchain/arm/arm-gnu-toolchain/bin/../lib/gcc/arm-none-eabi/6.3.1/../../../../arm-none-eabi/lib/thumb/v7e-m\libc_nano.a(lib_a-impure.o)
                              c:/program files (x86)/atmel/studio/7.0/toolchain/arm/arm-gnu-toolchain/bin/../lib/gcc/arm-none-eabi/6.3.1/../../../../arm-none-eabi/lib/thumb/v7e-m\libc_nano.a(lib_a-exit.o) (_global_impure_ptr)
c:/program files (x86)/atmel/studio/7.0/toolchain/arm/arm-gnu-toolchain/bin/../lib/gcc/arm-none-eabi/6.3.1/../../../../arm-none-eabi/lib/thumb/v7e-m\libc_nano.a(lib_a-init.o)
                              c:/program files (x86)/atmel/studio/7.0/toolchain/arm/arm-gnu-toolchain/bin/../lib/gcc/arm-none-eabi/6.3.1/../../../../arm-none-eabi/lib/thumb/v7e-m/crt0.o (__libc_init_array)
c:/program files (x86)/atmel/studio/7.0/toolchain/arm/arm-gnu-toolchain/bin/../lib/gcc/arm-none-eabi/6.3.1/../../../../arm-none-eabi/lib/thumb/v7e-m\libc_nano.a(lib_a-memset.o)
                              c:/program files (x86)/atmel/studio/7.0/toolchain/arm/arm-gnu-toolchain/bin/../lib/gcc/arm-none-eabi/6.3.1/../../../../arm-none-eabi/lib/thumb/v7e-m/crt0.o (memset)
c:/program files (x86)/atmel/studio/7.0/toolchain/arm/arm-gnu-toolchain/bin/../lib/gcc/arm-none-eabi/6.3.1/../../../../arm-none-eabi/lib/thumb/v7e-m\libc_nano.a(lib_a-printf.o)
                              hal/utils/src/utils_syscalls.o (printf)
c:/program files (x86)/atmel/studio/7.0/toolchain/arm/arm-gnu-toolchain/bin/../lib/gcc/arm-none-eabi/6.3.1/../../../../arm-none-eabi/lib/thumb/v7e-m\libc_nano.a(lib_a-findfp.o)
                              c:/program files (x86)/atmel/studio/7.0/toolchain/arm/arm-gnu-toolchain/bin/../lib/gcc/arm-none-eabi/6.3.1/../../../../arm-none-eabi/lib/thumb/v7e-m\libc_nano.a(lib_a-printf.o) (__sinit)
c:/program files (x86)/atmel/studio/7.0/toolchain/arm/arm-gnu-toolchain/bin/../lib/gcc/arm-none-eabi/6.3.1/../../../../arm-none-eabi/lib/thumb/v7e-m\libc_nano.a(lib_a-fwalk.o)
                              c:/program files (x86)/atmel/studio/7.0/toolchain/arm/arm-gnu-toolchain/bin/../lib/gcc/arm-none-eabi/6.3.1/../../../../arm-none-eabi/lib/thumb/v7e-m\libc_nano.a(lib_a-findfp.o) (_fwalk)
c:/program files (x86)/atmel/studio/7.0/toolchain/arm/arm-gnu-toolchain/bin/../lib/gcc/arm-none-eabi/6.3.1/../../../../arm-none-eabi/lib/thumb/v7e-m\libc_nano.a(lib_a-nano-mallocr.o)
                              c:/program files (x86)/atmel/studio/7.0/toolchain/arm/arm-gnu-toolchain/bin/../lib/gcc/arm-none-eabi/6.3.1/../../../../arm-none-eabi/lib/thumb/v7e-m\libc_nano.a(lib_a-findfp.o) (_malloc_r)
c:/program files (x86)/atmel/studio/7.0/toolchain/arm/arm-gnu-toolchain/bin/../lib/gcc/arm-none-eabi/6.3.1/../../../../arm-none-eabi/lib/thumb/v7e-m\libc_nano.a(lib_a-nano-vfprintf.o)
                              c:/program files (x86)/atmel/studio/7.0/toolchain/arm/arm-gnu-toolchain/bin/../lib/gcc/arm-none-eabi/6.3.1/../../../../arm-none-eabi/lib/thumb/v7e-m\libc_nano.a(lib_a-printf.o) (_vfprintf_r)
c:/program files (x86)/atmel/studio/7.0/toolchain/arm/arm-gnu-toolchain/bin/../lib/gcc/arm-none-eabi/6.3.1/../../../../arm-none-eabi/lib/thumb/v7e-m\libc_nano.a(lib_a-nano-vfprintf_i.o)
                              c:/program files (x86)/atmel/studio/7.0/toolchain/arm/arm-gnu-toolchain/bin/../lib/gcc/arm-none-eabi/6.3.1/../../../../arm-none-eabi/lib/thumb/v7e-m\libc_nano.a(lib_a-nano-vfprintf.o) (_printf_i)
c:/program files (x86)/atmel/studio/7.0/toolchain/arm/arm-gnu-toolchain/bin/../lib/gcc/arm-none-eabi/6.3.1/../../../../arm-none-eabi/lib/thumb/v7e-m\libc_nano.a(lib_a-sbrkr.o)
                              c:/program files (x86)/atmel/studio/7.0/toolchain/arm/arm-gnu-toolchain/bin/../lib/gcc/arm-none-eabi/6.3.1/../../../../arm-none-eabi/lib/thumb/v7e-m\libc_nano.a(lib_a-nano-mallocr.o) (_sbrk_r)
c:/program files (x86)/atmel/studio/7.0/toolchain/arm/arm-gnu-toolchain/bin/../lib/gcc/arm-none-eabi/6.3.1/../../../../arm-none-eabi/lib/thumb/v7e-m\libc_nano.a(lib_a-stdio.o)
                              c:/program files (x86)/atmel/studio/7.0/toolchain/arm/arm-gnu-toolchain/bin/../lib/gcc/arm-none-eabi/6.3.1/../../../../arm-none-eabi/lib/thumb/v7e-m\libc_nano.a(lib_a-findfp.o) (__sread)
c:/program files (x86)/atmel/studio/7.0/toolchain/arm/arm-gnu-toolchain/bin/../lib/gcc/arm-none-eabi/6.3.1/../../../../arm-none-eabi/lib/thumb/v7e-m\libc_nano.a(lib_a-wbuf.o)
[...]
Memory Configuration

Name             Origin             Length             Attributes
rom              0x00400000         0x00200000         xr
ram              0x20400000         0x00060000         xrw
*default*        0x00000000         0xffffffff

Linker script and memory map

LOAD c:/program files (x86)/atmel/studio/7.0/toolchain/arm/arm-gnu-toolchain/bin/../lib/gcc/arm-none-eabi/6.3.1/thumb/v7e-m/crti.o
LOAD c:/program files (x86)/atmel/studio/7.0/toolchain/arm/arm-gnu-toolchain/bin/../lib/gcc/arm-none-eabi/6.3.1/thumb/v7e-m/crtbegin.o
LOAD c:/program files (x86)/atmel/studio/7.0/toolchain/arm/arm-gnu-toolchain/bin/../lib/gcc/arm-none-eabi/6.3.1/../../../../arm-none-eabi/lib/thumb/v7e-m/crt0.o
LOAD atmel_start.o
LOAD Device_Startup/startup_samv71q21b.o
LOAD Device_Startup/system_samv71q21b.o
LOAD driver_init.o
LOAD examples/driver_examples.o
LOAD hal/src/hal_atomic.o
LOAD hal/src/hal_delay.o
LOAD hal/src/hal_gpio.o
LOAD hal/src/hal_init.o
LOAD hal/src/hal_io.o
LOAD hal/src/hal_sleep.o
LOAD hal/src/hal_spi_s_sync.o
LOAD hal/utils/src/utils_assert.o
LOAD hal/utils/src/utils_event.o
LOAD hal/utils/src/utils_list.o
LOAD hal/utils/src/utils_syscalls.o
LOAD hpl/core/hpl_core_m7_base.o
LOAD hpl/core/hpl_init.o
LOAD hpl/pmc/hpl_pmc.o
LOAD hpl/pmc/hpl_sleep.o
LOAD hpl/spi/hpl_spi.o
LOAD hpl/xdmac/hpl_xdmac.o
LOAD main.o
START GROUP
LOAD c:/program files (x86)/atmel/studio/7.0/toolchain/arm/arm-gnu-toolchain/bin/../lib/gcc/arm-none-eabi/6.3.1/../../../../arm-none-eabi/lib/thumb/v7e-m\libm.a
END GROUP
START GROUP
LOAD c:/program files (x86)/atmel/studio/7.0/toolchain/arm/arm-gnu-toolchain/bin/../lib/gcc/arm-none-eabi/6.3.1/thumb/v7e-m\libgcc.a
LOAD c:/program files (x86)/atmel/studio/7.0/toolchain/arm/arm-gnu-toolchain/bin/../lib/gcc/arm-none-eabi/6.3.1/../../../../arm-none-eabi/lib/thumb/v7e-m\libc_nano.a
END GROUP
START GROUP
LOAD c:/program files (x86)/atmel/studio/7.0/toolchain/arm/arm-gnu-toolchain/bin/../lib/gcc/arm-none-eabi/6.3.1/thumb/v7e-m\libgcc.a
LOAD c:/program files (x86)/atmel/studio/7.0/toolchain/arm/arm-gnu-toolchain/bin/../lib/gcc/arm-none-eabi/6.3.1/../../../../arm-none-eabi/lib/thumb/v7e-m\libc_nano.a
END GROUP
LOAD c:/program files (x86)/atmel/studio/7.0/toolchain/arm/arm-gnu-toolchain/bin/../lib/gcc/arm-none-eabi/6.3.1/thumb/v7e-m/crtend.o
LOAD c:/program files (x86)/atmel/studio/7.0/toolchain/arm/arm-gnu-toolchain/bin/../lib/gcc/arm-none-eabi/6.3.1/thumb/v7e-m/crtn.o
                0x00000400                STACK_SIZE = DEFINED (STACK_SIZE)?STACK_SIZE:DEFINED (__stack_size__)?__stack_size__:0x400
                0x00000200                HEAP_SIZE = DEFINED (HEAP_SIZE)?HEAP_SIZE:DEFINED (__heap_size__)?__heap_size__:0x200

.text           0x00400000      0x9f4
                0x00400000                . = ALIGN (0x4)
                0x00400000                _sfixed = .
 *(.vectors .vectors.*)
 .vectors       0x00400000      0x168 Device_Startup/startup_samv71q21b.o
                0x00400000                exception_table
 *(.text .text.* .gnu.linkonce.t.*)
 .text          0x00400168       0x6c c:/program files (x86)/atmel/studio/7.0/toolchain/arm/arm-gnu-toolchain/bin/../lib/gcc/arm-none-eabi/6.3.1/thumb/v7e-m/crtbegin.o
 .text.atmel_start_init
                0x004001d4        0xc atmel_start.o
                0x004001d4                atmel_start_init
 .text.Dummy_Handler
                0x004001e0        0x2 Device_Startup/startup_samv71q21b.o
                0x004001e0                DACC_Handler
                0x004001e0                SVCall_Handler
                0x004001e0                UART3_Handler
                0x004001e0                UART2_Handler
                0x004001e0                TRNG_Handler
                0x004001e0                HardFault_Handler
                0x004001e0                TC2_Handler
                0x004001e0                SysTick_Handler
                0x004001e0                AFEC1_Handler
                0x004001e0                PendSV_Handler
                0x004001e0                TC7_Handler
                0x004001e0                QSPI_Handler
                0x004001e0                NonMaskableInt_Handler
                0x004001e0                ISI_Handler
                0x004001e0                MCAN0_INT0_Handler
                0x004001e0                TC9_Handler
                0x004001e0                RSWDT_Handler
                0x004001e0                USART0_Handler
                0x004001e0                RTT_Handler
                0x004001e0                USBHS_Handler
                0x004001e0                IXC_Handler
                0x004001e0                CCF_Handler
                0x004001e0                PIOB_Handler
                0x004001e0                RTC_Handler
                0x004001e0                UsageFault_Handler
                0x004001e0                TC6_Handler
                0x004001e0                WDT_Handler
                0x004001e0                MCAN1_INT1_Handler
                0x004001e0                TC4_Handler
                0x004001e0                TC1_Handler
                0x004001e0                HSMCI_Handler
                0x004001e0                UART1_Handler
                0x004001e0                TC3_Handler
                0x004001e0                Dummy_Handler
                0x004001e0                TWIHS1_Handler
                0x004001e0                XDMAC_Handler
                0x004001e0                UART4_Handler
                0x004001e0                PWM1_Handler
                0x004001e0                USART1_Handler
                0x004001e0                PWM0_Handler
                0x004001e0                PIOA_Handler
                0x004001e0                AFEC0_Handler
                0x004001e0                CCW_Handler
                0x004001e0                SSC_Handler
                0x004001e0                TC11_Handler
                0x004001e0                ACC_Handler
                0x004001e0                PMC_Handler
                0x004001e0                GMAC_Handler
                0x004001e0                MCAN0_INT1_Handler
                0x004001e0                GMAC_Q5_Handler
                0x004001e0                SUPC_Handler
                0x004001e0                TC8_Handler
                0x004001e0                MCAN1_INT0_Handler
                0x004001e0                EFC_Handler
                0x004001e0                GMAC_Q1_Handler
                0x004001e0                USART2_Handler
                0x004001e0                SDRAMC_Handler
                0x004001e0                GMAC_Q2_Handler
                0x004001e0                PIOE_Handler
                0x004001e0                SPI1_Handler
                0x004001e0                TC10_Handler
                0x004001e0                GMAC_Q3_Handler
                0x004001e0                PIOD_Handler
                0x004001e0                TWIHS2_Handler
                0x004001e0                MLB_Handler
                0x004001e0                I2SC0_Handler
                0x004001e0                UART0_Handler
                0x004001e0                I2SC1_Handler
                0x004001e0                PIOC_Handler
                0x004001e0                GMAC_Q4_Handler
                0x004001e0                FPU_Handler
                0x004001e0                BusFault_Handler
                0x004001e0                RSTC_Handler
                0x004001e0                TC0_Handler
                0x004001e0                MemoryManagement_Handler
                0x004001e0                DebugMonitor_Handler
                0x004001e0                TC5_Handler
                0x004001e0                ICM_Handler
                0x004001e0                AES_Handler
                0x004001e0                TWIHS0_Handler
                0x004001e0                SPI0_Handler
 *fill*         0x004001e2        0x2 
 .text.Reset_Handler
                0x004001e4       0x84 Device_Startup/startup_samv71q21b.o
                0x004001e4                Reset_Handler
 .text.SPI_0_PORT_init
                0x00400268       0x64 driver_init.o
                0x00400268                SPI_0_PORT_init
 .text.SPI_0_CLOCK_init
                0x004002cc       0x18 driver_init.o
                0x004002cc                SPI_0_CLOCK_init
 .text.SPI_0_init
                0x004002e4       0x40 driver_init.o
                0x004002e4                SPI_0_init
 .text.system_init
                0x00400324       0x24 driver_init.o
                0x00400324                system_init
 .text.atomic_enter_critical
                0x00400348        0xe hal/src/hal_atomic.o
                0x00400348                atomic_enter_critical
 .text.atomic_leave_critical
                0x00400356        0xc hal/src/hal_atomic.o
                0x00400356                atomic_leave_critical
 *fill*         0x00400362        0x2 
 .text.delay_ms
                0x00400364       0x20 hal/src/hal_delay.o
                0x00400364                delay_ms
 .text.io_read  0x00400384       0x30 hal/src/hal_io.o
                0x00400384                io_read
 .text._spi_s_sync_xfer
                0x004003b4      0x134 hal/src/hal_spi_s_sync.o
 .text._spi_s_sync_io_write
                0x004004e8       0x38 hal/src/hal_spi_s_sync.o
 .text._spi_s_sync_io_read
                0x00400520       0x38 hal/src/hal_spi_s_sync.o
 .text.spi_s_sync_set_func_ptr
                0x00400558       0x20 hal/src/hal_spi_s_sync.o
                0x00400558                spi_s_sync_set_func_ptr
 .text.spi_s_sync_init
                0x00400578       0x48 hal/src/hal_spi_s_sync.o
                0x00400578                spi_s_sync_init
 .text.spi_s_sync_enable
                0x004005c0       0x28 hal/src/hal_spi_s_sync.o
                0x004005c0                spi_s_sync_enable
 .text.spi_s_sync_get_io_descriptor
                0x004005e8       0x2c hal/src/hal_spi_s_sync.o
                0x004005e8                spi_s_sync_get_io_descriptor
 .text.assert   0x00400614        0x6 hal/utils/src/utils_assert.o
                0x00400614                assert
 *fill*         0x0040061a        0x2 
 .text._get_cycles_for_ms
                0x0040061c        0xc hpl/core/hpl_core_m7_base.o
                0x0040061c                _get_cycles_for_ms
 .text._delay_cycles
                0x00400628        0x6 hpl/core/hpl_core_m7_base.o
                0x00400628                _delay_cycles
 *fill*         0x0040062e        0x2 
 .text._init_chip
                0x00400630       0x54 hpl/core/hpl_init.o
                0x00400630                _init_chip
 .text._pmc_init
                0x00400684       0x8c hpl/pmc/hpl_pmc.o
                0x00400684                _pmc_init
 .text._spi_spi_m_sync_init
                0x00400710       0x80 hpl/spi/hpl_spi.o
                0x00400710                _spi_spi_m_sync_init
 .text._spi_s_sync_init
                0x00400790        0xc hpl/spi/hpl_spi.o
                0x00400790                _spi_s_sync_init
 .text._spi_s_sync_enable
                0x0040079c       0x30 hpl/spi/hpl_spi.o
                0x0040079c                _spi_s_sync_enable
 .text._spi_s_sync_read_one
                0x004007cc       0x2c hpl/spi/hpl_spi.o
                0x004007cc                _spi_s_sync_read_one
 .text._spi_s_sync_write_one
                0x004007f8       0x30 hpl/spi/hpl_spi.o
                0x004007f8                _spi_s_sync_write_one
 .text._spi_s_sync_is_tx_ready
                0x00400828       0x30 hpl/spi/hpl_spi.o
                0x00400828                _spi_s_sync_is_tx_ready
 .text._spi_s_sync_is_rx_ready
                0x00400858       0x30 hpl/spi/hpl_spi.o
                0x00400858                _spi_s_sync_is_rx_ready
 .text._spi_s_sync_is_ss_deactivated
                0x00400888        0x4 hpl/spi/hpl_spi.o
                0x00400888                _spi_s_sync_is_ss_deactivated
 .text._spi_s_sync_is_error
                0x0040088c       0x30 hpl/spi/hpl_spi.o
                0x0040088c                _spi_s_sync_is_error
 .text._spi_get_spi_s_sync
                0x004008bc        0x4 hpl/spi/hpl_spi.o
                0x004008bc                _spi_get_spi_s_sync
 .text.main     0x004008c0       0x84 main.o
                0x004008c0                main
 .text.__libc_init_array
                0x00400944       0x48 c:/program files (x86)/atmel/studio/7.0/toolchain/arm/arm-gnu-toolchain/bin/../lib/gcc/arm-none-eabi/6.3.1/../../../../arm-none-eabi/lib/thumb/v7e-m\libc_nano.a(lib_a-init.o)
                0x00400944                __libc_init_array
 *(.glue_7t)
 .glue_7t       0x0040098c        0x0 linker stubs
 *(.glue_7)
 .glue_7        0x0040098c        0x0 linker stubs
 *(.rodata .rodata* .gnu.linkonce.r.*)
 .rodata.str1.4
                0x0040098c       0x14 hal/src/hal_io.o
 .rodata.str1.4
                0x004009a0       0x1c hal/src/hal_spi_s_sync.o
 .rodata.str1.4
                0x004009bc       0x18 hpl/spi/hpl_spi.o
                                 0x15 (size before relaxing)
 *(.ARM.extab* .gnu.linkonce.armextab.*)
                0x004009d4                . = ALIGN (0x4)
 *(.init)
 .init          0x004009d4        0x4 c:/program files (x86)/atmel/studio/7.0/toolchain/arm/arm-gnu-toolchain/bin/../lib/gcc/arm-none-eabi/6.3.1/thumb/v7e-m/crti.o
                0x004009d4                _init
 .init          0x004009d8        0x8 c:/program files (x86)/atmel/studio/7.0/toolchain/arm/arm-gnu-toolchain/bin/../lib/gcc/arm-none-eabi/6.3.1/thumb/v7e-m/crtn.o
                0x004009e0                . = ALIGN (0x4)
                0x004009e0                __preinit_array_start = .
 *(.preinit_array)
                0x004009e0                __preinit_array_end = .
                0x004009e0                . = ALIGN (0x4)
                0x004009e0                __init_array_start = .
 *(SORT(.init_array.*))
 *(.init_array)
 .init_array    0x004009e0        0x4 c:/program files (x86)/atmel/studio/7.0/toolchain/arm/arm-gnu-toolchain/bin/../lib/gcc/arm-none-eabi/6.3.1/thumb/v7e-m/crtbegin.o
                0x004009e4                __init_array_end = .
                0x004009e4                . = ALIGN (0x4)
 *crtbegin.o(.ctors)
 *(EXCLUDE_FILE(*crtend.o) .ctors)
 *(SORT(.ctors.*))
 *crtend.o(.ctors)
                0x004009e4                . = ALIGN (0x4)
 *(.fini)
 .fini          0x004009e4        0x4 c:/program files (x86)/atmel/studio/7.0/toolchain/arm/arm-gnu-toolchain/bin/../lib/gcc/arm-none-eabi/6.3.1/thumb/v7e-m/crti.o
                0x004009e4                _fini
 .fini          0x004009e8        0x8 c:/program files (x86)/atmel/studio/7.0/toolchain/arm/arm-gnu-toolchain/bin/../lib/gcc/arm-none-eabi/6.3.1/thumb/v7e-m/crtn.o
                0x004009f0                . = ALIGN (0x4)
                0x004009f0                __fini_array_start = .
 *(.fini_array)
 .fini_array    0x004009f0        0x4 c:/program files (x86)/atmel/studio/7.0/toolchain/arm/arm-gnu-toolchain/bin/../lib/gcc/arm-none-eabi/6.3.1/thumb/v7e-m/crtbegin.o
 *(SORT(.fini_array.*))
                0x004009f4                __fini_array_end = .
 *crtbegin.o(.dtors)
 *(EXCLUDE_FILE(*crtend.o) .dtors)
 *(SORT(.dtors.*))
 *crtend.o(.dtors)
                0x004009f4                . = ALIGN (0x4)
                0x004009f4                _efixed = .
                [!provide]                PROVIDE (__exidx_start, .)

.vfp11_veneer   0x004009f4        0x0
 .vfp11_veneer  0x004009f4        0x0 linker stubs

.v4_bx          0x004009f4        0x0
 .v4_bx         0x004009f4        0x0 linker stubs

.iplt           0x004009f4        0x0
 .iplt          0x004009f4        0x0 c:/program files (x86)/atmel/studio/7.0/toolchain/arm/arm-gnu-toolchain/bin/../lib/gcc/arm-none-eabi/6.3.1/thumb/v7e-m/crtbegin.o

.eh_frame       0x004009f4        0x0
 .eh_frame      0x004009f4        0x0 c:/program files (x86)/atmel/studio/7.0/toolchain/arm/arm-gnu-toolchain/bin/../lib/gcc/arm-none-eabi/6.3.1/thumb/v7e-m/crtbegin.o

.rel.dyn        0x004009f4        0x0
 .rel.iplt      0x004009f4        0x0 c:/program files (x86)/atmel/studio/7.0/toolchain/arm/arm-gnu-toolchain/bin/../lib/gcc/arm-none-eabi/6.3.1/thumb/v7e-m/crtbegin.o

.jcr            0x004009f4        0x0
 .jcr           0x004009f4        0x0 c:/program files (x86)/atmel/studio/7.0/toolchain/arm/arm-gnu-toolchain/bin/../lib/gcc/arm-none-eabi/6.3.1/thumb/v7e-m/crtbegin.o

.igot.plt       0x004009f4        0x0
 .igot.plt      0x004009f4        0x0 c:/program files (x86)/atmel/studio/7.0/toolchain/arm/arm-gnu-toolchain/bin/../lib/gcc/arm-none-eabi/6.3.1/thumb/v7e-m/crtbegin.o

.ARM.exidx
 *(.ARM.exidx* .gnu.linkonce.armexidx.*)
                [!provide]                PROVIDE (__exidx_end, .)
                0x004009f4                . = ALIGN (0x4)
                0x004009f4                _etext = .

.relocate       0x20400000        0x0 load address 0x004009f4
                0x20400000                . = ALIGN (0x4)
                0x20400000                _srelocate = .
 *(.ramfunc .ramfunc.*)
 *(.data .data.*)
                0x20400000                . = ALIGN (0x4)
                0x20400000                _erelocate = .

.bss            0x20400000       0x38
                0x20400000                . = ALIGN (0x4)
                0x20400000                _sbss = .
                0x20400000                _szero = .
 *(.bss .bss.*)
 .bss           0x20400000       0x1c c:/program files (x86)/atmel/studio/7.0/toolchain/arm/arm-gnu-toolchain/bin/../lib/gcc/arm-none-eabi/6.3.1/thumb/v7e-m/crtbegin.o
 .bss           0x2040001c        0x4 hal/src/hal_delay.o
 *(COMMON)
 COMMON         0x20400020       0x18 driver_init.o
                0x20400020                SPI_0
                0x20400038                . = ALIGN (0x4)
                0x20400038                _ebss = .
                0x20400038                _ezero = .

.heap           0x20400038      0x200
                0x20400038                . = ALIGN (0x8)
                0x20400038                _sheap = .
                0x20400238                . = (. + HEAP_SIZE)
 *fill*         0x20400038      0x200 
                0x20400238                . = ALIGN (0x8)
                0x20400238                _eheap = .

.stack          0x20400238      0x400
                0x20400238                . = ALIGN (0x8)
                0x20400238                _sstack = .
                0x20400638                . = (. + STACK_SIZE)
 *fill*         0x20400238      0x400 
                0x20400638                . = ALIGN (0x8)
                0x20400638                _estack = .
                0x20400638                . = ALIGN (0x4)
                0x20400638                _end = .
                0x2045ffff                _ram_end_ = ((ORIGIN (ram) + LENGTH (ram)) - 0x1)
OUTPUT(SPI_Slave_atmelstart.elf elf32-littlearm)

.ARM.attributes
                0x00000000       0x2e
 .ARM.attributes
                0x00000000       0x1e c:/program files (x86)/atmel/studio/7.0/toolchain/arm/arm-gnu-toolchain/bin/../lib/gcc/arm-none-eabi/6.3.1/thumb/v7e-m/crti.o
 .ARM.attributes
                0x0000001e       0x2e c:/program files (x86)/atmel/studio/7.0/toolchain/arm/arm-gnu-toolchain/bin/../lib/gcc/arm-none-eabi/6.3.1/thumb/v7e-m/crtbegin.o
 .ARM.attributes
                0x0000004c       0x37 atmel_start.o
 .ARM.attributes
                0x00000083       0x37 Device_Startup/startup_samv71q21b.o
 .ARM.attributes
                0x000000ba       0x37 driver_init.o
 .ARM.attributes
                0x000000f1       0x37 hal/src/hal_atomic.o
 .ARM.attributes
                0x00000128       0x37 hal/src/hal_delay.o
 .ARM.attributes
                0x0000015f       0x37 hal/src/hal_io.o
 .ARM.attributes
                0x00000196       0x37 hal/src/hal_spi_s_sync.o
 .ARM.attributes
                0x000001cd       0x37 hal/utils/src/utils_assert.o
 .ARM.attributes
                0x00000204       0x37 hpl/core/hpl_core_m7_base.o
 .ARM.attributes
                0x0000023b       0x37 hpl/core/hpl_init.o
 .ARM.attributes
                0x00000272       0x37 hpl/pmc/hpl_pmc.o
 .ARM.attributes
                0x000002a9       0x37 hpl/spi/hpl_spi.o
 .ARM.attributes
                0x000002e0       0x37 main.o
 .ARM.attributes
                0x00000317       0x2e c:/program files (x86)/atmel/studio/7.0/toolchain/arm/arm-gnu-toolchain/bin/../lib/gcc/arm-none-eabi/6.3.1/../../../../arm-none-eabi/lib/thumb/v7e-m\libc_nano.a(lib_a-init.o)
 .ARM.attributes
                0x00000345       0x1e c:/program files (x86)/atmel/studio/7.0/toolchain/arm/arm-gnu-toolchain/bin/../lib/gcc/arm-none-eabi/6.3.1/thumb/v7e-m/crtn.o

.comment        0x00000000       0x59
 .comment       0x00000000       0x59 atmel_start.o
                                 0x5a (size before relaxing)
 .comment       0x00000059       0x5a Device_Startup/startup_samv71q21b.o
 .comment       0x00000059       0x5a driver_init.o
 .comment       0x00000059       0x5a hal/src/hal_atomic.o
 .comment       0x00000059       0x5a hal/src/hal_delay.o
 .comment       0x00000059       0x5a hal/src/hal_io.o
 .comment       0x00000059       0x5a hal/src/hal_spi_s_sync.o
 .comment       0x00000059       0x5a hal/utils/src/utils_assert.o
 .comment       0x00000059       0x5a hpl/core/hpl_core_m7_base.o
 .comment       0x00000059       0x5a hpl/core/hpl_init.o
 .comment       0x00000059       0x5a hpl/pmc/hpl_pmc.o
 .comment       0x00000059       0x5a hpl/spi/hpl_spi.o
 .comment       0x00000059       0x5a main.o

.debug_info     0x00000000     0x9d3e
 .debug_info    0x00000000      0x264 atmel_start.o
 .debug_info    0x00000264      0xb34 Device_Startup/startup_samv71q21b.o
 .debug_info    0x00000d98     0x15ed driver_init.o
 .debug_info    0x00002385      0x1fa hal/src/hal_atomic.o
 .debug_info    0x0000257f      0x205 hal/src/hal_delay.o
 .debug_info    0x00002784      0x311 hal/src/hal_io.o
 .debug_info    0x00002a95      0xbb2 hal/src/hal_spi_s_sync.o
 .debug_info    0x00003647      0x130 hal/utils/src/utils_assert.o
 .debug_info    0x00003777      0xd6e hpl/core/hpl_core_m7_base.o
 .debug_info    0x000044e5      0x6be hpl/core/hpl_init.o
 .debug_info    0x00004ba3      0x89b hpl/pmc/hpl_pmc.o
 .debug_info    0x0000543e     0x32c6 hpl/spi/hpl_spi.o
 .debug_info    0x00008704     0x163a main.o

.debug_abbrev   0x00000000     0x1946
 .debug_abbrev  0x00000000       0xfb atmel_start.o
 .debug_abbrev  0x000000fb      0x153 Device_Startup/startup_samv71q21b.o
 .debug_abbrev  0x0000024e      0x2d4 driver_init.o
 .debug_abbrev  0x00000522      0x155 hal/src/hal_atomic.o
 .debug_abbrev  0x00000677       0xf9 hal/src/hal_delay.o
 .debug_abbrev  0x00000770      0x12d hal/src/hal_io.o
 .debug_abbrev  0x0000089d      0x204 hal/src/hal_spi_s_sync.o
 .debug_abbrev  0x00000aa1       0x9e hal/utils/src/utils_assert.o
 .debug_abbrev  0x00000b3f      0x2b1 hpl/core/hpl_core_m7_base.o
 .debug_abbrev  0x00000df0      0x1e7 hpl/core/hpl_init.o
 .debug_abbrev  0x00000fd7      0x1d2 hpl/pmc/hpl_pmc.o
 .debug_abbrev  0x000011a9      0x433 hpl/spi/hpl_spi.o
 .debug_abbrev  0x000015dc      0x36a main.o

.debug_loc      0x00000000     0x36c8
 .debug_loc     0x00000000       0x20 atmel_start.o
 .debug_loc     0x00000020       0x6b Device_Startup/startup_samv71q21b.o
 .debug_loc     0x0000008b      0x20c driver_init.o
 .debug_loc     0x00000297       0x13 hal/src/hal_atomic.o
 .debug_loc     0x000002aa       0xc3 hal/src/hal_delay.o
 .debug_loc     0x0000036d      0x132 hal/src/hal_io.o
 .debug_loc     0x0000049f      0x7ee hal/src/hal_spi_s_sync.o
 .debug_loc     0x00000c8d      0x1fb hpl/core/hpl_core_m7_base.o
 .debug_loc     0x00000e88       0x77 hpl/core/hpl_init.o
 .debug_loc     0x00000eff      0x1fc hpl/pmc/hpl_pmc.o
 .debug_loc     0x000010fb     0x2485 hpl/spi/hpl_spi.o
 .debug_loc     0x00003580      0x148 main.o

.debug_aranges  0x00000000      0x498
 .debug_aranges
                0x00000000       0x20 atmel_start.o
 .debug_aranges
                0x00000020       0x28 Device_Startup/startup_samv71q21b.o
 .debug_aranges
                0x00000048       0x38 driver_init.o
 .debug_aranges
                0x00000080       0x30 hal/src/hal_atomic.o
 .debug_aranges
                0x000000b0       0x38 hal/src/hal_delay.o
 .debug_aranges
                0x000000e8       0x30 hal/src/hal_io.o
 .debug_aranges
                0x00000118       0x90 hal/src/hal_spi_s_sync.o
 .debug_aranges
                0x000001a8       0x20 hal/utils/src/utils_assert.o
 .debug_aranges
                0x000001c8       0x80 hpl/core/hpl_core_m7_base.o
 .debug_aranges
                0x00000248       0x20 hpl/core/hpl_init.o
 .debug_aranges
                0x00000268       0x20 hpl/pmc/hpl_pmc.o
 .debug_aranges
                0x00000288      0x1f0 hpl/spi/hpl_spi.o
 .debug_aranges
                0x00000478       0x20 main.o

.debug_ranges   0x00000000      0x4b0
 .debug_ranges  0x00000000       0x10 atmel_start.o
 .debug_ranges  0x00000010       0x18 Device_Startup/startup_samv71q21b.o
 .debug_ranges  0x00000028       0x28 driver_init.o
 .debug_ranges  0x00000050       0x20 hal/src/hal_atomic.o
 .debug_ranges  0x00000070       0x28 hal/src/hal_delay.o
 .debug_ranges  0x00000098       0x20 hal/src/hal_io.o
 .debug_ranges  0x000000b8       0x80 hal/src/hal_spi_s_sync.o
 .debug_ranges  0x00000138       0x10 hal/utils/src/utils_assert.o
 .debug_ranges  0x00000148       0x70 hpl/core/hpl_core_m7_base.o
 .debug_ranges  0x000001b8       0x10 hpl/core/hpl_init.o
 .debug_ranges  0x000001c8       0x10 hpl/pmc/hpl_pmc.o
 .debug_ranges  0x000001d8      0x298 hpl/spi/hpl_spi.o
 .debug_ranges  0x00000470       0x40 main.o

.debug_macro    0x00000000    0x3ad23
 .debug_macro   0x00000000      0x74f atmel_start.o
 .debug_macro   0x0000074f      0x8b0 atmel_start.o
 .debug_macro   0x00000fff      0x16d atmel_start.o
 .debug_macro   0x0000116c       0x22 atmel_start.o
 .debug_macro   0x0000118e       0x87 atmel_start.o
 .debug_macro   0x00001215       0x51 atmel_start.o
 .debug_macro   0x00001266       0xef atmel_start.o
 .debug_macro   0x00001355       0x6a atmel_start.o
 .debug_macro   0x000013bf      0x1df atmel_start.o
 .debug_macro   0x0000159e       0x22 atmel_start.o
 .debug_macro   0x000015c0       0xd7 atmel_start.o
 .debug_macro   0x00001697       0x1c atmel_start.o
 .debug_macro   0x000016b3       0x22 atmel_start.o
 .debug_macro   0x000016d5       0xdf atmel_start.o
 .debug_macro   0x000017b4     0x12cd atmel_start.o
 .debug_macro   0x00002a81      0x11f atmel_start.o
 .debug_macro   0x00002ba0       0x19 atmel_start.o
 .debug_macro   0x00002bb9      0x3e2 atmel_start.o
 .debug_macro   0x00002f9b      0x5a9 atmel_start.o
 .debug_macro   0x00003544     0x1797 atmel_start.o
 .debug_macro   0x00004cdb      0x3bb atmel_start.o
 .debug_macro   0x00005096      0x830 atmel_start.o
 .debug_macro   0x000058c6      0x316 atmel_start.o
 .debug_macro   0x00005bdc     0x269d atmel_start.o
 .debug_macro   0x00008279       0x40 atmel_start.o
 .debug_macro   0x000082b9     0x105e atmel_start.o
 .debug_macro   0x00009317      0x60b atmel_start.o
 .debug_macro   0x00009922      0x555 atmel_start.o
 .debug_macro   0x00009e77      0xb8f atmel_start.o
 .debug_macro   0x0000aa06      0x62e atmel_start.o
 .debug_macro   0x0000b034     0x3ac9 atmel_start.o
 .debug_macro   0x0000eafd      0x6bf atmel_start.o
 .debug_macro   0x0000f1bc     0x83ff atmel_start.o
 .debug_macro   0x000175bb     0x326e atmel_start.o
 .debug_macro   0x0001a829     0x24d0 atmel_start.o
 .debug_macro   0x0001ccf9      0x87f atmel_start.o
 .debug_macro   0x0001d578      0x17d atmel_start.o
 .debug_macro   0x0001d6f5      0x118 atmel_start.o
 .debug_macro   0x0001d80d      0x909 atmel_start.o
 .debug_macro   0x0001e116      0x125 atmel_start.o
 .debug_macro   0x0001e23b      0x503 atmel_start.o
 .debug_macro   0x0001e73e      0x3e0 atmel_start.o
 .debug_macro   0x0001eb1e      0x709 atmel_start.o
 .debug_macro   0x0001f227      0xb64 atmel_start.o
 .debug_macro   0x0001fd8b      0xf03 atmel_start.o
 .debug_macro   0x00020c8e      0xff2 atmel_start.o
 .debug_macro   0x00021c80      0x1a8 atmel_start.o
 .debug_macro   0x00021e28      0x124 atmel_start.o
 .debug_macro   0x00021f4c      0xbc2 atmel_start.o
 .debug_macro   0x00022b0e      0x5c5 atmel_start.o
 .debug_macro   0x000230d3     0x1afb atmel_start.o
 .debug_macro   0x00024bce      0x664 atmel_start.o
 .debug_macro   0x00025232     0x41a7 atmel_start.o
 .debug_macro   0x000293d9      0x64f atmel_start.o
 .debug_macro   0x00029a28       0xc4 atmel_start.o
 .debug_macro   0x00029aec      0x12d atmel_start.o
 .debug_macro   0x00029c19     0x2a5f atmel_start.o
 .debug_macro   0x0002c678       0x7c atmel_start.o
 .debug_macro   0x0002c6f4      0x14e atmel_start.o
 .debug_macro   0x0002c842       0xf4 atmel_start.o
 .debug_macro   0x0002c936       0xf4 atmel_start.o
 .debug_macro   0x0002ca2a       0x16 atmel_start.o
 .debug_macro   0x0002ca40       0x7c atmel_start.o
 .debug_macro   0x0002cabc       0x40 atmel_start.o
 .debug_macro   0x0002cafc      0x623 atmel_start.o
 .debug_macro   0x0002d11f       0x40 atmel_start.o
 .debug_macro   0x0002d15f      0x7ce atmel_start.o
 .debug_macro   0x0002d92d       0x6a atmel_start.o
 .debug_macro   0x0002d997       0x6a atmel_start.o
 .debug_macro   0x0002da01       0x88 atmel_start.o
 .debug_macro   0x0002da89       0xac atmel_start.o
 .debug_macro   0x0002db35      0x142 atmel_start.o
 .debug_macro   0x0002dc77      0x138 atmel_start.o
 .debug_macro   0x0002ddaf      0x138 atmel_start.o
 .debug_macro   0x0002dee7       0xee atmel_start.o
 .debug_macro   0x0002dfd5      0x187 atmel_start.o
 .debug_macro   0x0002e15c      0x180 atmel_start.o
 .debug_macro   0x0002e2dc      0x180 atmel_start.o
 .debug_macro   0x0002e45c      0x180 atmel_start.o
 .debug_macro   0x0002e5dc      0x180 atmel_start.o
 .debug_macro   0x0002e75c      0x121 atmel_start.o
 .debug_macro   0x0002e87d      0x352 atmel_start.o
 .debug_macro   0x0002ebcf      0x352 atmel_start.o
 .debug_macro   0x0002ef21       0x82 atmel_start.o
 .debug_macro   0x0002efa3       0x22 atmel_start.o
 .debug_macro   0x0002efc5       0x22 atmel_start.o
 .debug_macro   0x0002efe7       0x58 atmel_start.o
 .debug_macro   0x0002f03f       0x28 atmel_start.o
 .debug_macro   0x0002f067       0x64 atmel_start.o
 .debug_macro   0x0002f0cb       0x94 atmel_start.o
 .debug_macro   0x0002f15f       0x7c atmel_start.o
 .debug_macro   0x0002f1db       0x7c atmel_start.o
 .debug_macro   0x0002f257       0x8e atmel_start.o
 .debug_macro   0x0002f2e5       0x34 atmel_start.o
 .debug_macro   0x0002f319      0x1a8 atmel_start.o
 .debug_macro   0x0002f4c1      0x1a8 atmel_start.o
 .debug_macro   0x0002f669      0x1a8 atmel_start.o
 .debug_macro   0x0002f811      0x1a8 atmel_start.o
 .debug_macro   0x0002f9b9       0x3a atmel_start.o
 .debug_macro   0x0002f9f3       0x82 atmel_start.o
 .debug_macro   0x0002fa75       0x82 atmel_start.o
 .debug_macro   0x0002faf7       0x82 atmel_start.o
 .debug_macro   0x0002fb79       0x70 atmel_start.o
 .debug_macro   0x0002fbe9       0x70 atmel_start.o
 .debug_macro   0x0002fc59       0x70 atmel_start.o
 .debug_macro   0x0002fcc9       0x70 atmel_start.o
 .debug_macro   0x0002fd39       0x70 atmel_start.o
 .debug_macro   0x0002fda9       0xf4 atmel_start.o
 .debug_macro   0x0002fe9d       0xf4 atmel_start.o
 .debug_macro   0x0002ff91       0xf4 atmel_start.o
 .debug_macro   0x00030085      0x71f atmel_start.o
 .debug_macro   0x000307a4       0x16 atmel_start.o
 .debug_macro   0x000307ba       0x22 atmel_start.o
 .debug_macro   0x000307dc      0x9bf atmel_start.o
 .debug_macro   0x0003119b      0x59f atmel_start.o
 .debug_macro   0x0003173a     0x2879 atmel_start.o
 .debug_macro   0x00033fb3      0x169 atmel_start.o
 .debug_macro   0x0003411c       0x10 atmel_start.o
 .debug_macro   0x0003412c       0x10 atmel_start.o
 .debug_macro   0x0003413c       0x16 atmel_start.o
 .debug_macro   0x00034152       0x16 atmel_start.o
 .debug_macro   0x00034168       0x16 atmel_start.o
 .debug_macro   0x0003417e       0x16 atmel_start.o
 .debug_macro   0x00034194       0x16 atmel_start.o
 .debug_macro   0x000341aa       0x16 atmel_start.o
 .debug_macro   0x000341c0       0x16 atmel_start.o
 .debug_macro   0x000341d6       0x16 atmel_start.o
 .debug_macro   0x000341ec       0x16 atmel_start.o
 .debug_macro   0x00034202       0x16 atmel_start.o
 .debug_macro   0x00034218       0x16 atmel_start.o
 .debug_macro   0x0003422e       0x16 atmel_start.o
 .debug_macro   0x00034244       0x16 atmel_start.o
 .debug_macro   0x0003425a       0x16 atmel_start.o
 .debug_macro   0x00034270       0x16 atmel_start.o
 .debug_macro   0x00034286       0x16 atmel_start.o
 .debug_macro   0x0003429c       0x16 atmel_start.o
 .debug_macro   0x000342b2       0x16 atmel_start.o
 .debug_macro   0x000342c8       0x16 atmel_start.o
 .debug_macro   0x000342de       0x16 atmel_start.o
 .debug_macro   0x000342f4       0x16 atmel_start.o
 .debug_macro   0x0003430a       0x16 atmel_start.o
 .debug_macro   0x00034320       0x16 atmel_start.o
 .debug_macro   0x00034336       0x16 atmel_start.o
 .debug_macro   0x0003434c       0x16 atmel_start.o
 .debug_macro   0x00034362       0x16 atmel_start.o
 .debug_macro   0x00034378       0x16 atmel_start.o
 .debug_macro   0x0003438e      0x27e atmel_start.o
 .debug_macro   0x0003460c       0x16 atmel_start.o
 .debug_macro   0x00034622       0x16 atmel_start.o
 .debug_macro   0x00034638       0x16 atmel_start.o
 .debug_macro   0x0003464e      0x373 atmel_start.o
 .debug_macro   0x000349c1       0xa9 atmel_start.o
 .debug_macro   0x00034a6a       0x16 atmel_start.o
 .debug_macro   0x00034a80       0x16 atmel_start.o
 .debug_macro   0x00034a96       0x16 atmel_start.o
 .debug_macro   0x00034aac       0xca atmel_start.o
 .debug_macro   0x00034b76       0x1c atmel_start.o
 .debug_macro   0x00034b92       0x16 atmel_start.o
 .debug_macro   0x00034ba8       0x40 atmel_start.o
 .debug_macro   0x00034be8       0xc9 atmel_start.o
 .debug_macro   0x00034cb1       0x10 atmel_start.o
 .debug_macro   0x00034cc1      0x49c Device_Startup/startup_samv71q21b.o
 .debug_macro   0x0003515d       0xd1 Device_Startup/startup_samv71q21b.o
 .debug_macro   0x0003522e      0x76e driver_init.o
 .debug_macro   0x0003599c       0x10 driver_init.o
 .debug_macro   0x000359ac       0x3a driver_init.o
 .debug_macro   0x000359e6      0x669 hal/src/hal_atomic.o
 .debug_macro   0x0003604f      0x6a0 hal/src/hal_delay.o
 .debug_macro   0x000366ef      0x67e hal/src/hal_io.o
 .debug_macro   0x00036d6d      0x6c5 hal/src/hal_spi_s_sync.o
 .debug_macro   0x00037432      0x673 hal/utils/src/utils_assert.o
 .debug_macro   0x00037aa5       0x10 hal/utils/src/utils_assert.o
 .debug_macro   0x00037ab5      0x6c9 hpl/core/hpl_core_m7_base.o
 .debug_macro   0x0003817e      0x6e1 hpl/core/hpl_init.o
 .debug_macro   0x0003885f      0x324 hpl/core/hpl_init.o
 .debug_macro   0x00038b83      0x9df hpl/core/hpl_init.o
 .debug_macro   0x00039562      0x692 hpl/pmc/hpl_pmc.o
 .debug_macro   0x00039bf4      0x739 hpl/spi/hpl_spi.o
 .debug_macro   0x0003a32d       0x52 hpl/spi/hpl_spi.o
 .debug_macro   0x0003a37f       0x1c hpl/spi/hpl_spi.o
 .debug_macro   0x0003a39b       0x22 hpl/spi/hpl_spi.o
 .debug_macro   0x0003a3bd       0x10 hpl/spi/hpl_spi.o
 .debug_macro   0x0003a3cd      0x8e5 main.o
 .debug_macro   0x0003acb2       0x16 main.o
 .debug_macro   0x0003acc8       0x16 main.o
 .debug_macro   0x0003acde       0x29 main.o
 .debug_macro   0x0003ad07       0x1c main.o

.debug_line     0x00000000     0xb36e
 .debug_line    0x00000000      0xd7b atmel_start.o
 .debug_line    0x00000d7b      0x8fd Device_Startup/startup_samv71q21b.o
 .debug_line    0x00001678      0xe56 driver_init.o
 .debug_line    0x000024ce      0xc78 hal/src/hal_atomic.o
 .debug_line    0x00003146      0xcac hal/src/hal_delay.o
 .debug_line    0x00003df2      0xc70 hal/src/hal_io.o
 .debug_line    0x00004a62      0xdee hal/src/hal_spi_s_sync.o
 .debug_line    0x00005850      0xc4d hal/utils/src/utils_assert.o
 .debug_line    0x0000649d      0xdf0 hpl/core/hpl_core_m7_base.o
 .debug_line    0x0000728d      0xd33 hpl/core/hpl_init.o
 .debug_line    0x00007fc0      0xcf5 hpl/pmc/hpl_pmc.o
 .debug_line    0x00008cb5     0x17d0 hpl/spi/hpl_spi.o
 .debug_line    0x0000a485      0xee9 main.o

.debug_str      0x00000000   0x144349
 .debug_str     0x00000000   0x13a687 atmel_start.o
                             0x13b035 (size before relaxing)
 .debug_str     0x0013a687      0x78d Device_Startup/startup_samv71q21b.o
                             0x1353df (size before relaxing)
 .debug_str     0x0013ae14      0x904 driver_init.o
                             0x13b946 (size before relaxing)
 .debug_str     0x0013b718       0x9c hal/src/hal_atomic.o
                             0x13a797 (size before relaxing)
 .debug_str     0x0013b7b4       0x9b hal/src/hal_delay.o
                             0x13a801 (size before relaxing)
 .debug_str     0x0013b84f       0x3a hal/src/hal_io.o
                             0x13a832 (size before relaxing)
 .debug_str     0x0013b889      0x385 hal/src/hal_spi_s_sync.o
                             0x13b1c2 (size before relaxing)
 .debug_str     0x0013bc0e       0x2a hal/utils/src/utils_assert.o
                             0x13a7a7 (size before relaxing)
 .debug_str     0x0013bc38      0x5f0 hpl/core/hpl_core_m7_base.o
                             0x13b59a (size before relaxing)
 .debug_str     0x0013c228     0x3073 hpl/core/hpl_init.o
                             0x13dbab (size before relaxing)
 .debug_str     0x0013f29b      0x1d6 hpl/pmc/hpl_pmc.o
                             0x13b7db (size before relaxing)
 .debug_str     0x0013f471      0xed1 hpl/spi/hpl_spi.o
                             0x13c4f3 (size before relaxing)
 .debug_str     0x00140342     0x4007 main.o
                             0x13f3d5 (size before relaxing)

.debug_frame    0x00000000      0xaec
 .debug_frame   0x00000000       0x28 atmel_start.o
 .debug_frame   0x00000028       0x38 Device_Startup/startup_samv71q21b.o
 .debug_frame   0x00000060       0x60 driver_init.o
 .debug_frame   0x000000c0       0x40 hal/src/hal_atomic.o
 .debug_frame   0x00000100       0x68 hal/src/hal_delay.o
 .debug_frame   0x00000168       0x58 hal/src/hal_io.o
 .debug_frame   0x000001c0      0x1bc hal/src/hal_spi_s_sync.o
 .debug_frame   0x0000037c       0x20 hal/utils/src/utils_assert.o
 .debug_frame   0x0000039c       0xec hpl/core/hpl_core_m7_base.o
 .debug_frame   0x00000488       0x2c hpl/core/hpl_init.o
 .debug_frame   0x000004b4       0x20 hpl/pmc/hpl_pmc.o
 .debug_frame   0x000004d4      0x5c4 hpl/spi/hpl_spi.o
 .debug_frame   0x00000a98       0x28 main.o
 .debug_frame   0x00000ac0       0x2c c:/program files (x86)/atmel/studio/7.0/toolchain/arm/arm-gnu-toolchain/bin/../lib/gcc/arm-none-eabi/6.3.1/../../../../arm-none-eabi/lib/thumb/v7e-m\libc_nano.a(lib_a-init.o)
